Archive member included because of file (symbol)

/opt/local/lib/gcc/avr/4.0.2/avr5/libgcc.a(_exit.o)
                              /opt/local/lib/gcc/avr/4.0.2/../../../../avr/lib/avr5/crtm168.o (exit)
/opt/local/lib/gcc/avr/4.0.2/avr5/libgcc.a(_copy_data.o)
                              wiznetping.o (__do_copy_data)
/opt/local/lib/gcc/avr/4.0.2/avr5/libgcc.a(_clear_bss.o)
                              wiznetping.o (__do_clear_bss)
/opt/local/lib/gcc/avr/4.0.2/../../../../avr/lib/avr5/libc.a(fputc.o)
                              wiznetping.o (fputc)
/opt/local/lib/gcc/avr/4.0.2/../../../../avr/lib/avr5/libc.a(iob.o)
                              wiznetping.o (__iob)
/opt/local/lib/gcc/avr/4.0.2/../../../../avr/lib/avr5/libc.a(printf.o)
                              wiznetping.o (printf)
/opt/local/lib/gcc/avr/4.0.2/../../../../avr/lib/avr5/libc.a(puts.o)
                              wiznetping.o (puts)
/opt/local/lib/gcc/avr/4.0.2/../../../../avr/lib/avr5/libc.a(vfprintf_std.o)
                              /opt/local/lib/gcc/avr/4.0.2/../../../../avr/lib/avr5/libc.a(printf.o) (vfprintf)
/opt/local/lib/gcc/avr/4.0.2/../../../../avr/lib/avr5/libc.a(strnlen_P.o)
                              /opt/local/lib/gcc/avr/4.0.2/../../../../avr/lib/avr5/libc.a(vfprintf_std.o) (strnlen_P)
/opt/local/lib/gcc/avr/4.0.2/../../../../avr/lib/avr5/libc.a(strnlen.o)
                              /opt/local/lib/gcc/avr/4.0.2/../../../../avr/lib/avr5/libc.a(vfprintf_std.o) (strnlen)
/opt/local/lib/gcc/avr/4.0.2/../../../../avr/lib/avr5/libc.a(ultoa_invert.o)
                              /opt/local/lib/gcc/avr/4.0.2/../../../../avr/lib/avr5/libc.a(vfprintf_std.o) (__ultoa_invert)
/opt/local/lib/gcc/avr/4.0.2/avr5/libgcc.a(_prologue.o)
                              /opt/local/lib/gcc/avr/4.0.2/../../../../avr/lib/avr5/libc.a(printf.o) (__prologue_saves__)
/opt/local/lib/gcc/avr/4.0.2/avr5/libgcc.a(_epilogue.o)
                              /opt/local/lib/gcc/avr/4.0.2/../../../../avr/lib/avr5/libc.a(printf.o) (__epilogue_restores__)

Allocating common symbols
Common symbol       size              file

__iob               0x6               /opt/local/lib/gcc/avr/4.0.2/../../../../avr/lib/avr5/libc.a(iob.o)

Memory Configuration

Name             Origin             Length             Attributes
text             0x0000000000000000 0x0000000000020000 xr
data             0x0000000000800060 0x000000000000ffa0 rw !x
eeprom           0x0000000000810000 0x0000000000010000 rw !x
*default*        0x0000000000000000 0xffffffffffffffff

Linker script and memory map

Address of section .data set to 0x800100
LOAD /opt/local/lib/gcc/avr/4.0.2/../../../../avr/lib/avr5/crtm168.o
LOAD wiznetping.o
LOAD /opt/local/lib/gcc/avr/4.0.2/../../../../avr/lib/avr5/libm.a
LOAD /opt/local/lib/gcc/avr/4.0.2/avr5/libgcc.a
LOAD /opt/local/lib/gcc/avr/4.0.2/../../../../avr/lib/avr5/libc.a
LOAD /opt/local/lib/gcc/avr/4.0.2/avr5/libgcc.a

.hash
 *(.hash)

.dynsym
 *(.dynsym)

.dynstr
 *(.dynstr)

.gnu.version
 *(.gnu.version)

.gnu.version_d
 *(.gnu.version_d)

.gnu.version_r
 *(.gnu.version_r)

.rel.init
 *(.rel.init)

.rela.init
 *(.rela.init)

.rel.text
 *(.rel.text)
 *(.rel.text.*)
 *(.rel.gnu.linkonce.t*)

.rela.text
 *(.rela.text)
 *(.rela.text.*)
 *(.rela.gnu.linkonce.t*)

.rel.fini
 *(.rel.fini)

.rela.fini
 *(.rela.fini)

.rel.rodata
 *(.rel.rodata)
 *(.rel.rodata.*)
 *(.rel.gnu.linkonce.r*)

.rela.rodata
 *(.rela.rodata)
 *(.rela.rodata.*)
 *(.rela.gnu.linkonce.r*)

.rel.data
 *(.rel.data)
 *(.rel.data.*)
 *(.rel.gnu.linkonce.d*)

.rela.data
 *(.rela.data)
 *(.rela.data.*)
 *(.rela.gnu.linkonce.d*)

.rel.ctors
 *(.rel.ctors)

.rela.ctors
 *(.rela.ctors)

.rel.dtors
 *(.rel.dtors)

.rela.dtors
 *(.rela.dtors)

.rel.got
 *(.rel.got)

.rela.got
 *(.rela.got)

.rel.bss
 *(.rel.bss)

.rela.bss
 *(.rela.bss)

.rel.plt
 *(.rel.plt)

.rela.plt
 *(.rela.plt)

.text           0x0000000000000000      0xc78
 *(.vectors)
 .vectors       0x0000000000000000       0x68 /opt/local/lib/gcc/avr/4.0.2/../../../../avr/lib/avr5/crtm168.o
                0x0000000000000000                __vectors
                0x0000000000000000                __vector_default
 *(.vectors)
 *(.progmem.gcc*)
 *(.progmem*)
                0x0000000000000068                . = ALIGN (0x2)
                0x0000000000000068                __trampolines_start = .
 *(.trampolines)
 .trampolines   0x0000000000000068        0x0 linker stubs
 *(.trampolines*)
                0x0000000000000068                __trampolines_end = .
 *(.jumptables)
 *(.jumptables*)
 *(.lowtext)
 *(.lowtext*)
                0x0000000000000068                __ctors_start = .
 *(.ctors)
                0x0000000000000068                __ctors_end = .
                0x0000000000000068                __dtors_start = .
 *(.dtors)
                0x0000000000000068                __dtors_end = .
 SORT(*)(.ctors)
 SORT(*)(.dtors)
 *(.init0)
 .init0         0x0000000000000068        0x0 /opt/local/lib/gcc/avr/4.0.2/../../../../avr/lib/avr5/crtm168.o
                0x0000000000000068                __init
 *(.init0)
 *(.init1)
 *(.init1)
 *(.init2)
 .init2         0x0000000000000068        0xc /opt/local/lib/gcc/avr/4.0.2/../../../../avr/lib/avr5/crtm168.o
 *(.init2)
 *(.init3)
 *(.init3)
 *(.init4)
 .init4         0x0000000000000074       0x16 /opt/local/lib/gcc/avr/4.0.2/avr5/libgcc.a(_copy_data.o)
                0x0000000000000074                __do_copy_data
 .init4         0x000000000000008a       0x10 /opt/local/lib/gcc/avr/4.0.2/avr5/libgcc.a(_clear_bss.o)
                0x000000000000008a                __do_clear_bss
 *(.init4)
 *(.init5)
 *(.init5)
 *(.init6)
 *(.init6)
 *(.init7)
 *(.init7)
 *(.init8)
 *(.init8)
 *(.init9)
 .init9         0x000000000000009a        0x8 /opt/local/lib/gcc/avr/4.0.2/../../../../avr/lib/avr5/crtm168.o
 *(.init9)
 *(.text)
 .text          0x00000000000000a2        0x4 /opt/local/lib/gcc/avr/4.0.2/../../../../avr/lib/avr5/crtm168.o
                0x00000000000000a2                __vector_20
                0x00000000000000a2                __vector_1
                0x00000000000000a2                __vector_24
                0x00000000000000a2                __vector_12
                0x00000000000000a2                __bad_interrupt
                0x00000000000000a2                __vector_6
                0x00000000000000a2                __vector_3
                0x00000000000000a2                __vector_23
                0x00000000000000a2                __vector_25
                0x00000000000000a2                __vector_11
                0x00000000000000a2                __vector_13
                0x00000000000000a2                __vector_17
                0x00000000000000a2                __vector_19
                0x00000000000000a2                __vector_7
                0x00000000000000a2                __vector_5
                0x00000000000000a2                __vector_4
                0x00000000000000a2                __vector_9
                0x00000000000000a2                __vector_2
                0x00000000000000a2                __vector_21
                0x00000000000000a2                __vector_15
                0x00000000000000a2                __vector_8
                0x00000000000000a2                __vector_14
                0x00000000000000a2                __vector_10
                0x00000000000000a2                __vector_16
                0x00000000000000a2                __vector_18
                0x00000000000000a2                __vector_22
 .text          0x00000000000000a6      0x56a wiznetping.o
                0x00000000000000a6                uart_init
                0x00000000000000be                uart_flush
                0x00000000000000ce                uart_putch
                0x00000000000000f0                uart_getch
                0x000000000000010e                ansi_cl
                0x0000000000000170                ansi_me
                0x00000000000001b2                SPI_Write
                0x00000000000001e0                SPI_Read
                0x0000000000000212                W5100_Init
                0x000000000000059c                main
 .text          0x0000000000000610        0x0 /opt/local/lib/gcc/avr/4.0.2/avr5/libgcc.a(_exit.o)
 .text          0x0000000000000610        0x0 /opt/local/lib/gcc/avr/4.0.2/avr5/libgcc.a(_copy_data.o)
 .text          0x0000000000000610        0x0 /opt/local/lib/gcc/avr/4.0.2/avr5/libgcc.a(_clear_bss.o)
 .text          0x0000000000000610        0x0 /opt/local/lib/gcc/avr/4.0.2/../../../../avr/lib/avr5/libc.a(fputc.o)
 .text          0x0000000000000610        0x0 /opt/local/lib/gcc/avr/4.0.2/../../../../avr/lib/avr5/libc.a(iob.o)
 .text          0x0000000000000610        0x0 /opt/local/lib/gcc/avr/4.0.2/../../../../avr/lib/avr5/libc.a(printf.o)
 .text          0x0000000000000610        0x0 /opt/local/lib/gcc/avr/4.0.2/../../../../avr/lib/avr5/libc.a(puts.o)
 .text          0x0000000000000610        0x0 /opt/local/lib/gcc/avr/4.0.2/../../../../avr/lib/avr5/libc.a(vfprintf_std.o)
 .text          0x0000000000000610        0x0 /opt/local/lib/gcc/avr/4.0.2/../../../../avr/lib/avr5/libc.a(strnlen_P.o)
 .text          0x0000000000000610        0x0 /opt/local/lib/gcc/avr/4.0.2/../../../../avr/lib/avr5/libc.a(strnlen.o)
 .text          0x0000000000000610        0x0 /opt/local/lib/gcc/avr/4.0.2/../../../../avr/lib/avr5/libc.a(ultoa_invert.o)
 .text          0x0000000000000610        0x0 /opt/local/lib/gcc/avr/4.0.2/avr5/libgcc.a(_prologue.o)
 .text          0x0000000000000610        0x0 /opt/local/lib/gcc/avr/4.0.2/avr5/libgcc.a(_epilogue.o)
                0x0000000000000610                . = ALIGN (0x2)
 *(.text.*)
 .text.libgcc   0x0000000000000610        0x0 /opt/local/lib/gcc/avr/4.0.2/avr5/libgcc.a(_exit.o)
 .text.libgcc   0x0000000000000610        0x0 /opt/local/lib/gcc/avr/4.0.2/avr5/libgcc.a(_copy_data.o)
 .text.libgcc   0x0000000000000610        0x0 /opt/local/lib/gcc/avr/4.0.2/avr5/libgcc.a(_clear_bss.o)
 .text.avr-libc
                0x0000000000000610       0x5a /opt/local/lib/gcc/avr/4.0.2/../../../../avr/lib/avr5/libc.a(fputc.o)
                0x0000000000000610                fputc
 .text.avr-libc
                0x000000000000066a       0x32 /opt/local/lib/gcc/avr/4.0.2/../../../../avr/lib/avr5/libc.a(printf.o)
                0x000000000000066a                printf
 .text.avr-libc
                0x000000000000069c       0x66 /opt/local/lib/gcc/avr/4.0.2/../../../../avr/lib/avr5/libc.a(puts.o)
                0x000000000000069c                puts
 .text.avr-libc
                0x0000000000000702      0x41e /opt/local/lib/gcc/avr/4.0.2/../../../../avr/lib/avr5/libc.a(vfprintf_std.o)
                0x0000000000000702                vfprintf
 .text.avr-libc
                0x0000000000000b20       0x16 /opt/local/lib/gcc/avr/4.0.2/../../../../avr/lib/avr5/libc.a(strnlen_P.o)
                0x0000000000000b20                strnlen_P
 .text.avr-libc
                0x0000000000000b36       0x16 /opt/local/lib/gcc/avr/4.0.2/../../../../avr/lib/avr5/libc.a(strnlen.o)
                0x0000000000000b36                strnlen
 .text.avr-libc
                0x0000000000000b4c       0xbc /opt/local/lib/gcc/avr/4.0.2/../../../../avr/lib/avr5/libc.a(ultoa_invert.o)
                0x0000000000000b4c                __ultoa_invert
 .text.libgcc   0x0000000000000c08       0x38 /opt/local/lib/gcc/avr/4.0.2/avr5/libgcc.a(_prologue.o)
                0x0000000000000c08                __prologue_saves__
 .text.libgcc   0x0000000000000c40       0x36 /opt/local/lib/gcc/avr/4.0.2/avr5/libgcc.a(_epilogue.o)
                0x0000000000000c40                __epilogue_restores__
                0x0000000000000c76                . = ALIGN (0x2)
 *(.fini9)
 .fini9         0x0000000000000c76        0x0 /opt/local/lib/gcc/avr/4.0.2/avr5/libgcc.a(_exit.o)
                0x0000000000000c76                exit
                0x0000000000000c76                _exit
 *(.fini9)
 *(.fini8)
 *(.fini8)
 *(.fini7)
 *(.fini7)
 *(.fini6)
 *(.fini6)
 *(.fini5)
 *(.fini5)
 *(.fini4)
 *(.fini4)
 *(.fini3)
 *(.fini3)
 *(.fini2)
 *(.fini2)
 *(.fini1)
 *(.fini1)
 *(.fini0)
 .fini0         0x0000000000000c76        0x2 /opt/local/lib/gcc/avr/4.0.2/avr5/libgcc.a(_exit.o)
 *(.fini0)
                0x0000000000000c78                _etext = .

.data           0x0000000000800100      0x196 load address 0x0000000000000c78
                0x0000000000800100                PROVIDE (__data_start, .)
 *(.data)
 .data          0x0000000000800100        0x0 /opt/local/lib/gcc/avr/4.0.2/../../../../avr/lib/avr5/crtm168.o
 .data          0x0000000000800100      0x196 wiznetping.o
                0x0000000000800100                uart_str
 .data          0x0000000000800296        0x0 /opt/local/lib/gcc/avr/4.0.2/avr5/libgcc.a(_exit.o)
 .data          0x0000000000800296        0x0 /opt/local/lib/gcc/avr/4.0.2/avr5/libgcc.a(_copy_data.o)
 .data          0x0000000000800296        0x0 /opt/local/lib/gcc/avr/4.0.2/avr5/libgcc.a(_clear_bss.o)
 .data          0x0000000000800296        0x0 /opt/local/lib/gcc/avr/4.0.2/../../../../avr/lib/avr5/libc.a(fputc.o)
 .data          0x0000000000800296        0x0 /opt/local/lib/gcc/avr/4.0.2/../../../../avr/lib/avr5/libc.a(iob.o)
 .data          0x0000000000800296        0x0 /opt/local/lib/gcc/avr/4.0.2/../../../../avr/lib/avr5/libc.a(printf.o)
 .data          0x0000000000800296        0x0 /opt/local/lib/gcc/avr/4.0.2/../../../../avr/lib/avr5/libc.a(puts.o)
 .data          0x0000000000800296        0x0 /opt/local/lib/gcc/avr/4.0.2/../../../../avr/lib/avr5/libc.a(vfprintf_std.o)
 .data          0x0000000000800296        0x0 /opt/local/lib/gcc/avr/4.0.2/../../../../avr/lib/avr5/libc.a(strnlen_P.o)
 .data          0x0000000000800296        0x0 /opt/local/lib/gcc/avr/4.0.2/../../../../avr/lib/avr5/libc.a(strnlen.o)
 .data          0x0000000000800296        0x0 /opt/local/lib/gcc/avr/4.0.2/../../../../avr/lib/avr5/libc.a(ultoa_invert.o)
 .data          0x0000000000800296        0x0 /opt/local/lib/gcc/avr/4.0.2/avr5/libgcc.a(_prologue.o)
 .data          0x0000000000800296        0x0 /opt/local/lib/gcc/avr/4.0.2/avr5/libgcc.a(_epilogue.o)
 *(.data*)
 *(.rodata)
 *(.rodata*)
 *(.gnu.linkonce.d*)
                0x0000000000800296                . = ALIGN (0x2)
                0x0000000000800296                _edata = .
                0x0000000000800296                PROVIDE (__data_end, .)

.bss            0x0000000000800296        0x6
                0x0000000000800296                PROVIDE (__bss_start, .)
 *(.bss)
 .bss           0x0000000000800296        0x0 /opt/local/lib/gcc/avr/4.0.2/../../../../avr/lib/avr5/crtm168.o
 .bss           0x0000000000800296        0x0 wiznetping.o
 .bss           0x0000000000800296        0x0 /opt/local/lib/gcc/avr/4.0.2/avr5/libgcc.a(_exit.o)
 .bss           0x0000000000800296        0x0 /opt/local/lib/gcc/avr/4.0.2/avr5/libgcc.a(_copy_data.o)
 .bss           0x0000000000800296        0x0 /opt/local/lib/gcc/avr/4.0.2/avr5/libgcc.a(_clear_bss.o)
 .bss           0x0000000000800296        0x0 /opt/local/lib/gcc/avr/4.0.2/../../../../avr/lib/avr5/libc.a(fputc.o)
 .bss           0x0000000000800296        0x0 /opt/local/lib/gcc/avr/4.0.2/../../../../avr/lib/avr5/libc.a(iob.o)
 .bss           0x0000000000800296        0x0 /opt/local/lib/gcc/avr/4.0.2/../../../../avr/lib/avr5/libc.a(printf.o)
 .bss           0x0000000000800296        0x0 /opt/local/lib/gcc/avr/4.0.2/../../../../avr/lib/avr5/libc.a(puts.o)
 .bss           0x0000000000800296        0x0 /opt/local/lib/gcc/avr/4.0.2/../../../../avr/lib/avr5/libc.a(vfprintf_std.o)
 .bss           0x0000000000800296        0x0 /opt/local/lib/gcc/avr/4.0.2/../../../../avr/lib/avr5/libc.a(strnlen_P.o)
 .bss           0x0000000000800296        0x0 /opt/local/lib/gcc/avr/4.0.2/../../../../avr/lib/avr5/libc.a(strnlen.o)
 .bss           0x0000000000800296        0x0 /opt/local/lib/gcc/avr/4.0.2/../../../../avr/lib/avr5/libc.a(ultoa_invert.o)
 .bss           0x0000000000800296        0x0 /opt/local/lib/gcc/avr/4.0.2/avr5/libgcc.a(_prologue.o)
 .bss           0x0000000000800296        0x0 /opt/local/lib/gcc/avr/4.0.2/avr5/libgcc.a(_epilogue.o)
 *(.bss*)
 *(COMMON)
 COMMON         0x0000000000800296        0x6 /opt/local/lib/gcc/avr/4.0.2/../../../../avr/lib/avr5/libc.a(iob.o)
                0x0000000000800296                __iob
                0x000000000080029c                PROVIDE (__bss_end, .)
                0x0000000000000c78                __data_load_start = LOADADDR (.data)
                0x0000000000000e0e                __data_load_end = (__data_load_start + SIZEOF (.data))

.noinit         0x000000000080029c        0x0
                0x000000000080029c                PROVIDE (__noinit_start, .)
 *(.noinit*)
                0x000000000080029c                PROVIDE (__noinit_end, .)
                0x000000000080029c                _end = .
                0x000000000080029c                PROVIDE (__heap_start, .)

.eeprom         0x0000000000810000        0x0
 *(.eeprom*)
                0x0000000000810000                __eeprom_end = .

.stab           0x0000000000000000     0x2a30
 *(.stab)
 .stab          0x0000000000000000      0x6cc /opt/local/lib/gcc/avr/4.0.2/../../../../avr/lib/avr5/crtm168.o
 .stab          0x00000000000006cc      0xc3c wiznetping.o
                                        0xc48 (size before relaxing)
 .stab          0x0000000000001308      0x36c /opt/local/lib/gcc/avr/4.0.2/../../../../avr/lib/avr5/libc.a(fputc.o)
                                        0x3b4 (size before relaxing)
 .stab          0x0000000000001674      0x120 /opt/local/lib/gcc/avr/4.0.2/../../../../avr/lib/avr5/libc.a(iob.o)
                                        0x300 (size before relaxing)
 .stab          0x0000000000001794      0x1b0 /opt/local/lib/gcc/avr/4.0.2/../../../../avr/lib/avr5/libc.a(printf.o)
                                        0x390 (size before relaxing)
 .stab          0x0000000000001944      0x1e0 /opt/local/lib/gcc/avr/4.0.2/../../../../avr/lib/avr5/libc.a(puts.o)
                                        0x3c0 (size before relaxing)
 .stab          0x0000000000001b24      0x954 /opt/local/lib/gcc/avr/4.0.2/../../../../avr/lib/avr5/libc.a(vfprintf_std.o)
                                        0xb34 (size before relaxing)
 .stab          0x0000000000002478       0x9c /opt/local/lib/gcc/avr/4.0.2/../../../../avr/lib/avr5/libc.a(strnlen_P.o)
                                         0xa8 (size before relaxing)
 .stab          0x0000000000002514       0x9c /opt/local/lib/gcc/avr/4.0.2/../../../../avr/lib/avr5/libc.a(strnlen.o)
                                         0xa8 (size before relaxing)
 .stab          0x00000000000025b0      0x480 /opt/local/lib/gcc/avr/4.0.2/../../../../avr/lib/avr5/libc.a(ultoa_invert.o)
                                        0x48c (size before relaxing)

.stabstr        0x0000000000000000     0x1509
 *(.stabstr)
 .stabstr       0x0000000000000000     0x1509 /opt/local/lib/gcc/avr/4.0.2/../../../../avr/lib/avr5/crtm168.o

.stab.excl
 *(.stab.excl)

.stab.exclstr
 *(.stab.exclstr)

.stab.index
 *(.stab.index)

.stab.indexstr
 *(.stab.indexstr)

.comment
 *(.comment)

.debug
 *(.debug)

.line
 *(.line)

.debug_srcinfo
 *(.debug_srcinfo)

.debug_sfnames
 *(.debug_sfnames)

.debug_aranges
 *(.debug_aranges)

.debug_pubnames
 *(.debug_pubnames)

.debug_info
 *(.debug_info)
 *(.gnu.linkonce.wi.*)

.debug_abbrev
 *(.debug_abbrev)

.debug_line
 *(.debug_line)

.debug_frame
 *(.debug_frame)

.debug_str
 *(.debug_str)

.debug_loc
 *(.debug_loc)

.debug_macinfo
 *(.debug_macinfo)
OUTPUT(wiznetping.elf elf32-avr)
LOAD linker stubs

Cross Reference Table

Symbol                                            File
SPI_Read                                          wiznetping.o
SPI_Write                                         wiznetping.o
W5100_Init                                        wiznetping.o
__bad_interrupt                                   /opt/local/lib/gcc/avr/4.0.2/../../../../avr/lib/avr5/crtm168.o
__bss_end                                         /opt/local/lib/gcc/avr/4.0.2/avr5/libgcc.a(_clear_bss.o)
__bss_start                                       /opt/local/lib/gcc/avr/4.0.2/avr5/libgcc.a(_clear_bss.o)
__data_end                                        /opt/local/lib/gcc/avr/4.0.2/avr5/libgcc.a(_copy_data.o)
__data_load_start                                 /opt/local/lib/gcc/avr/4.0.2/avr5/libgcc.a(_copy_data.o)
__data_start                                      /opt/local/lib/gcc/avr/4.0.2/avr5/libgcc.a(_copy_data.o)
__do_clear_bss                                    /opt/local/lib/gcc/avr/4.0.2/avr5/libgcc.a(_clear_bss.o)
                                                  /opt/local/lib/gcc/avr/4.0.2/../../../../avr/lib/avr5/libc.a(vfprintf_std.o)
                                                  /opt/local/lib/gcc/avr/4.0.2/../../../../avr/lib/avr5/libc.a(puts.o)
                                                  /opt/local/lib/gcc/avr/4.0.2/../../../../avr/lib/avr5/libc.a(printf.o)
                                                  /opt/local/lib/gcc/avr/4.0.2/../../../../avr/lib/avr5/libc.a(iob.o)
                                                  /opt/local/lib/gcc/avr/4.0.2/../../../../avr/lib/avr5/libc.a(fputc.o)
                                                  wiznetping.o
__do_copy_data                                    /opt/local/lib/gcc/avr/4.0.2/avr5/libgcc.a(_copy_data.o)
                                                  /opt/local/lib/gcc/avr/4.0.2/../../../../avr/lib/avr5/libc.a(vfprintf_std.o)
                                                  /opt/local/lib/gcc/avr/4.0.2/../../../../avr/lib/avr5/libc.a(puts.o)
                                                  /opt/local/lib/gcc/avr/4.0.2/../../../../avr/lib/avr5/libc.a(printf.o)
                                                  /opt/local/lib/gcc/avr/4.0.2/../../../../avr/lib/avr5/libc.a(iob.o)
                                                  /opt/local/lib/gcc/avr/4.0.2/../../../../avr/lib/avr5/libc.a(fputc.o)
                                                  wiznetping.o
__epilogue_restores__                             /opt/local/lib/gcc/avr/4.0.2/avr5/libgcc.a(_epilogue.o)
                                                  /opt/local/lib/gcc/avr/4.0.2/../../../../avr/lib/avr5/libc.a(vfprintf_std.o)
                                                  /opt/local/lib/gcc/avr/4.0.2/../../../../avr/lib/avr5/libc.a(printf.o)
__heap_end                                        /opt/local/lib/gcc/avr/4.0.2/../../../../avr/lib/avr5/crtm168.o
__init                                            /opt/local/lib/gcc/avr/4.0.2/../../../../avr/lib/avr5/crtm168.o
__iob                                             /opt/local/lib/gcc/avr/4.0.2/../../../../avr/lib/avr5/libc.a(puts.o)
                                                  /opt/local/lib/gcc/avr/4.0.2/../../../../avr/lib/avr5/libc.a(printf.o)
                                                  /opt/local/lib/gcc/avr/4.0.2/../../../../avr/lib/avr5/libc.a(iob.o)
                                                  wiznetping.o
__prologue_saves__                                /opt/local/lib/gcc/avr/4.0.2/avr5/libgcc.a(_prologue.o)
                                                  /opt/local/lib/gcc/avr/4.0.2/../../../../avr/lib/avr5/libc.a(vfprintf_std.o)
                                                  /opt/local/lib/gcc/avr/4.0.2/../../../../avr/lib/avr5/libc.a(printf.o)
__stack                                           /opt/local/lib/gcc/avr/4.0.2/../../../../avr/lib/avr5/crtm168.o
                                                  wiznetping.o
__ultoa_invert                                    /opt/local/lib/gcc/avr/4.0.2/../../../../avr/lib/avr5/libc.a(ultoa_invert.o)
                                                  /opt/local/lib/gcc/avr/4.0.2/../../../../avr/lib/avr5/libc.a(vfprintf_std.o)
__vector_1                                        /opt/local/lib/gcc/avr/4.0.2/../../../../avr/lib/avr5/crtm168.o
__vector_10                                       /opt/local/lib/gcc/avr/4.0.2/../../../../avr/lib/avr5/crtm168.o
__vector_11                                       /opt/local/lib/gcc/avr/4.0.2/../../../../avr/lib/avr5/crtm168.o
__vector_12                                       /opt/local/lib/gcc/avr/4.0.2/../../../../avr/lib/avr5/crtm168.o
__vector_13                                       /opt/local/lib/gcc/avr/4.0.2/../../../../avr/lib/avr5/crtm168.o
__vector_14                                       /opt/local/lib/gcc/avr/4.0.2/../../../../avr/lib/avr5/crtm168.o
__vector_15                                       /opt/local/lib/gcc/avr/4.0.2/../../../../avr/lib/avr5/crtm168.o
__vector_16                                       /opt/local/lib/gcc/avr/4.0.2/../../../../avr/lib/avr5/crtm168.o
__vector_17                                       /opt/local/lib/gcc/avr/4.0.2/../../../../avr/lib/avr5/crtm168.o
__vector_18                                       /opt/local/lib/gcc/avr/4.0.2/../../../../avr/lib/avr5/crtm168.o
__vector_19                                       /opt/local/lib/gcc/avr/4.0.2/../../../../avr/lib/avr5/crtm168.o
__vector_2                                        /opt/local/lib/gcc/avr/4.0.2/../../../../avr/lib/avr5/crtm168.o
__vector_20                                       /opt/local/lib/gcc/avr/4.0.2/../../../../avr/lib/avr5/crtm168.o
__vector_21                                       /opt/local/lib/gcc/avr/4.0.2/../../../../avr/lib/avr5/crtm168.o
__vector_22                                       /opt/local/lib/gcc/avr/4.0.2/../../../../avr/lib/avr5/crtm168.o
__vector_23                                       /opt/local/lib/gcc/avr/4.0.2/../../../../avr/lib/avr5/crtm168.o
__vector_24                                       /opt/local/lib/gcc/avr/4.0.2/../../../../avr/lib/avr5/crtm168.o
__vector_25                                       /opt/local/lib/gcc/avr/4.0.2/../../../../avr/lib/avr5/crtm168.o
__vector_3                                        /opt/local/lib/gcc/avr/4.0.2/../../../../avr/lib/avr5/crtm168.o
__vector_4                                        /opt/local/lib/gcc/avr/4.0.2/../../../../avr/lib/avr5/crtm168.o
__vector_5                                        /opt/local/lib/gcc/avr/4.0.2/../../../../avr/lib/avr5/crtm168.o
__vector_6                                        /opt/local/lib/gcc/avr/4.0.2/../../../../avr/lib/avr5/crtm168.o
__vector_7                                        /opt/local/lib/gcc/avr/4.0.2/../../../../avr/lib/avr5/crtm168.o
__vector_8                                        /opt/local/lib/gcc/avr/4.0.2/../../../../avr/lib/avr5/crtm168.o
__vector_9                                        /opt/local/lib/gcc/avr/4.0.2/../../../../avr/lib/avr5/crtm168.o
__vector_default                                  /opt/local/lib/gcc/avr/4.0.2/../../../../avr/lib/avr5/crtm168.o
__vectors                                         /opt/local/lib/gcc/avr/4.0.2/../../../../avr/lib/avr5/crtm168.o
_exit                                             /opt/local/lib/gcc/avr/4.0.2/avr5/libgcc.a(_exit.o)
ansi_cl                                           wiznetping.o
ansi_me                                           wiznetping.o
exit                                              /opt/local/lib/gcc/avr/4.0.2/avr5/libgcc.a(_exit.o)
                                                  /opt/local/lib/gcc/avr/4.0.2/../../../../avr/lib/avr5/crtm168.o
fputc                                             /opt/local/lib/gcc/avr/4.0.2/../../../../avr/lib/avr5/libc.a(fputc.o)
                                                  /opt/local/lib/gcc/avr/4.0.2/../../../../avr/lib/avr5/libc.a(vfprintf_std.o)
                                                  wiznetping.o
main                                              wiznetping.o
                                                  /opt/local/lib/gcc/avr/4.0.2/../../../../avr/lib/avr5/crtm168.o
printf                                            /opt/local/lib/gcc/avr/4.0.2/../../../../avr/lib/avr5/libc.a(printf.o)
                                                  wiznetping.o
puts                                              /opt/local/lib/gcc/avr/4.0.2/../../../../avr/lib/avr5/libc.a(puts.o)
                                                  wiznetping.o
strnlen                                           /opt/local/lib/gcc/avr/4.0.2/../../../../avr/lib/avr5/libc.a(strnlen.o)
                                                  /opt/local/lib/gcc/avr/4.0.2/../../../../avr/lib/avr5/libc.a(vfprintf_std.o)
strnlen_P                                         /opt/local/lib/gcc/avr/4.0.2/../../../../avr/lib/avr5/libc.a(strnlen_P.o)
                                                  /opt/local/lib/gcc/avr/4.0.2/../../../../avr/lib/avr5/libc.a(vfprintf_std.o)
uart_flush                                        wiznetping.o
uart_getch                                        wiznetping.o
uart_init                                         wiznetping.o
uart_putch                                        wiznetping.o
uart_str                                          wiznetping.o
vfprintf                                          /opt/local/lib/gcc/avr/4.0.2/../../../../avr/lib/avr5/libc.a(vfprintf_std.o)
                                                  /opt/local/lib/gcc/avr/4.0.2/../../../../avr/lib/avr5/libc.a(printf.o)
